// Jest Snapshot v1, https://goo.gl/fbAQLP

exports[`it has the image that was passed in 1`] = `
<div
  className="undefined qa-photo"
  style={
    Object {
      "backgroundImage": "url(testMob.png)",
    }
  }
>
  <noscript />
  <div>
    <noscript />
  </div>
</div>
`;
