// Jest Snapshot v1, https://goo.gl/fbAQLP

exports[`a title bar it has the image that was passed in 1`] = `undefined`;
